# Test all delimiters with spaces at ends
>>> text_indentation("Hello   :     python    ?    school.    test     ")
Hello:
<BLANKLINE>
python?
<BLANKLINE>
school.
<BLANKLINE>
test

# Test just delimiters
>>> text_indentation(".?:")
.
<BLANKLINE>
?
<BLANKLINE>
:

# Test string with spaces
>>> text_indentation("    python")
python

# Test just delimiters
>>> text_indentation("  ?  ")
?
<BLANKLINE>

# Test non-indent inside indent
>>> text_indentation("?Hello.")
?
<BLANKLINE>
Hello.
<BLANKLINE>

# Test existing newline
>>> text_indentation("?\n\n.\n\n:")
?
<BLANKLINE>
<BLANKLINE>
<BLANKLINE>
.
<BLANKLINE>
<BLANKLINE>
<BLANKLINE>
:

# Test none
>>> text_indentation(None)
Traceback (most recent call last):
...
TypeError: text must be a string


# Test num
>>> text_indentation(90)
Traceback (most recent call last):
...
TypeError: text must be a string


# Test string with some spaces
>>> text_indentation("        python          ")
python


# Test string with an empty string
>>> text_indentation("")
<BLANKLINE>


# Test string with an empty string (2)
>>> text_indentation("      ")
<BLANKLINE>


# Test
>>> text_indentation("Hello: python")
Hello:
<BLANKLINE>
python


# Test delimiters with spaces
>>> text_indentation("      ?:  :  ")
?
<BLANKLINE>
:
<BLANKLINE>
:
<BLANKLINE>


# Test newline
>>> text_indentation("\n")
<BLANKLINE>


# Test newlines
>>> text_indentation("\n\n")
<BLANKLINE>
<BLANKLINE>

# Test no delimiters
>>> text_indentation("Hello python")
Hello pyhton


# Test string with spaces
>>> text_indentation("python    ")
python
